// Jest Snapshot v1, https://goo.gl/fbAQLP

exports[`App component 1`] = `
<h3>
  sleep
</h3>
`;

exports[`Link changes the class when hovered 1`] = `
<h3>
  sleep
</h3>
`;

exports[`Link changes the class when hovered 2`] = `
<h3>
  sleep
</h3>
`;

exports[`Link changes the class when hovered 3`] = `
<h3>
  sleep
</h3>
`;
